// Jest Snapshot v1, https://goo.gl/fbAQLP

exports[`Profile component renders correctly 1`] = `
<div>
  <div
    class="css-0"
  >
    <h4
      class="chakra-heading css-1th4bpb"
    >
      update profile
    </h4>
    <p
      class="chakra-text css-12zxwfm"
    >
      Profile at least Size
      <span
        class="chakra-text css-1999y4e"
      >
        300x300.
      </span>
      Gift to work too.
    </p>
    <div
      class="css-4bwcy0"
    >
      <img
        alt="This is the big avatar"
        class="chakra-image css-1phd9a0"
        src="/images/big-avatar.png"
      />
      <button
        class="chakra-button css-1bbvwej"
        type="button"
      >
        <img
          alt="Edit icon"
          class="chakra-image css-0"
          src="/icons/edit.svg"
        />
      </button>
    </div>
  </div>
</div>
`;
