// Jest Snapshot v1, https://goo.gl/fbAQLP

exports[`Avatar render Should render match with snapshot. 1`] = `
<div>
  <div
    bordercolor="gray.200"
    borderradius="xl"
    borderwidth="1px"
    cursor="pointer"
    data-testid="avatar"
    h="52px"
    pt="0.5"
    src=""
    w="52px"
  />
</div>
`;
