// Jest Snapshot v1, https://goo.gl/fbAQLP

exports[`TotalList component renders correctly 1`] = `
<div>
  <div
    class="css-1j1hvbl"
  >
    <div
      class="css-1gvp5h0"
    >
      <div
        class="css-3bhc6p"
      >
        <div
          class="css-6ce5r8"
        >
          <div
            class="chakra-stack css-ddke4u"
          >
            <img
              alt="Total earn icon"
              class="chakra-image css-0"
              src="/icons/total-earn.svg"
            />
            <p
              class="chakra-text css-10ircq3"
            >
              Total earnings
            </p>
          </div>
        </div>
        <div
          class="css-1lekzkb"
        >
          <div
            class="css-0"
          >
            <p
              class="chakra-text css-0"
            >
              $
              7.245
            </p>
            <div
              class="chakra-stack css-1igwmid"
            >
              <img
                alt="Growth icon"
                class="chakra-image css-0"
                src="/icons/growth.svg"
              />
              <p
                class="chakra-text css-ss2gmn"
              >
                + 
                3.5
                %
                 
                <span
                  class="chakra-text css-cu8k27"
                >
                  from last week
                </span>
              </p>
            </div>
          </div>
          <div />
        </div>
      </div>
    </div>
    <div
      class="css-1gvp5h0"
    >
      <div
        class="css-3bhc6p"
      >
        <div
          class="css-6ce5r8"
        >
          <div
            class="chakra-stack css-ddke4u"
          >
            <img
              alt="Total earn icon"
              class="chakra-image css-0"
              src="/icons/total-earn.svg"
            />
            <p
              class="chakra-text css-10ircq3"
            >
              Total Spending
            </p>
          </div>
        </div>
        <div
          class="css-1lekzkb"
        >
          <div
            class="css-0"
          >
            <p
              class="chakra-text css-0"
            >
              $
              7.245
            </p>
            <div
              class="chakra-stack css-1igwmid"
            >
              <img
                alt="Growth icon"
                class="chakra-image css-0"
                src="/icons/growth.svg"
              />
              <p
                class="chakra-text css-ss2gmn"
              >
                + 
                3.5
                %
                 
                <span
                  class="chakra-text css-cu8k27"
                >
                  from last week
                </span>
              </p>
            </div>
          </div>
          <div />
        </div>
      </div>
    </div>
    <div
      class="css-1gvp5h0"
    >
      <div
        class="css-3bhc6p"
      >
        <div
          class="css-6ce5r8"
        >
          <div
            class="chakra-stack css-ddke4u"
          >
            <img
              alt="Total earn icon"
              class="chakra-image css-0"
              src="/icons/total-earn.svg"
            />
            <p
              class="chakra-text css-10ircq3"
            >
              Spending Goal
            </p>
          </div>
        </div>
        <div
          class="css-1lekzkb"
        >
          <div
            class="css-0"
          >
            <p
              class="chakra-text css-0"
            >
              $
              7.245
            </p>
            <div
              class="chakra-stack css-1igwmid"
            >
              <img
                alt="Growth icon"
                class="chakra-image css-0"
                src="/icons/growth.svg"
              />
              <p
                class="chakra-text css-ss2gmn"
              >
                + 
                3.5
                %
                 
                <span
                  class="chakra-text css-cu8k27"
                >
                  from last week
                </span>
              </p>
            </div>
          </div>
          <div />
        </div>
      </div>
    </div>
  </div>
</div>
`;

exports[`TotalList component renders with is loading is true 1`] = `
<div>
  <div
    class="css-1j1hvbl"
  >
    <div
      class="css-1gvp5h0"
    >
      <div
        class="chakra-skeleton css-1wu0swh"
      />
    </div>
    <div
      class="css-1gvp5h0"
    >
      <div
        class="chakra-skeleton css-1wu0swh"
      />
    </div>
    <div
      class="css-1gvp5h0"
    >
      <div
        class="chakra-skeleton css-1wu0swh"
      />
    </div>
  </div>
</div>
`;
