// Jest Snapshot v1, https://goo.gl/fbAQLP

exports[`OverallBalance component renders correctly 1`] = `
<div>
  <div
    class="css-p120lk"
  >
    <div
      class="css-1spmqp"
    >
      <div
        class="css-0"
      >
        <p
          class="chakra-text css-0"
        >
          Overall Balance
        </p>
        <div
          class="css-j2at52"
        >
          <h3
            class="chakra-heading css-0"
          >
            $
            48.574
          </h3>
          <p
            class="chakra-text css-ss2gmn"
          >
            20
            %
          </p>
        </div>
      </div>
      <div
        class="css-vd6ngq"
      >
        <div
          class="css-r2hvuq"
        >
          <div
            class="css-18ek59d"
          />
          <p
            class="chakra-text css-0"
          >
            Pending
          </p>
        </div>
        <div
          class="css-r2hvuq"
        >
          <div
            class="css-vdd5pp"
          />
          <p
            class="chakra-text css-0"
          >
            Signed
          </p>
        </div>
        <div
          class="css-r2hvuq"
        >
          <div
            class="css-y7nxfq"
          />
          <p
            class="chakra-text css-0"
          >
            Lost
          </p>
        </div>
      </div>
      <div
        class="css-19vtkro"
      >
        <button
          aria-controls="menu-list-:r1:"
          aria-expanded="false"
          aria-haspopup="menu"
          class="chakra-button chakra-menu__menu-button css-1rasy8u"
          id="menu-button-:r1:"
          type="button"
        >
          <span
            class="css-xl71ch"
          >
            <div
              class="css-k008qs"
            >
              <p
                class="chakra-text css-0"
              >
                Weekly
              </p>
              <svg
                fill="none"
                height="16"
                stroke="#1A202C"
                style="transform: rotate(undefined);"
                viewBox="0 0 16 16"
                width="16"
                xmlns="http://www.w3.org/2000/svg"
              >
                <path
                  d="M7 10L12 14L17 10"
                  stroke-linecap="round"
                  stroke-linejoin="round"
                  stroke-width="2"
                />
              </svg>
            </div>
          </span>
        </button>
        <div
          class="css-0"
          style="visibility: hidden; position: absolute; inset: 0 auto auto 0;"
        >
          <div
            aria-orientation="vertical"
            class="chakra-menu__menu-list css-ta0hp9"
            id="menu-list-:r1:"
            role="menu"
            style="transform-origin: var(--popper-transform-origin); opacity: 0; visibility: hidden; transform: scale(0.8) translateZ(0);"
            tabindex="-1"
          >
            <button
              class="chakra-menu__menuitem css-1oz22gy"
              data-index="0"
              id="menu-list-:r1:-menuitem-:r2:"
              role="menuitem"
              tabindex="-1"
              type="button"
            >
              <p
                class="chakra-text css-1198d6z"
              >
                Weekly
              </p>
            </button>
            <button
              class="chakra-menu__menuitem css-1oz22gy"
              data-index="1"
              id="menu-list-:r1:-menuitem-:r3:"
              role="menuitem"
              tabindex="-1"
              type="button"
            >
              <p
                class="chakra-text css-1198d6z"
              >
                monthly    
              </p>
            </button>
            <button
              class="chakra-menu__menuitem css-1oz22gy"
              data-index="2"
              id="menu-list-:r1:-menuitem-:r4:"
              role="menuitem"
              tabindex="-1"
              type="button"
            >
              <p
                class="chakra-text css-1198d6z"
              >
                Yearly
              </p>
            </button>
          </div>
        </div>
      </div>
    </div>
    <div />
  </div>
</div>
`;

exports[`OverallBalance component renders with is loading is true 1`] = `
<div>
  <div
    class="chakra-skeleton css-76u8cq"
  />
</div>
`;
