// Jest Snapshot v1, https://goo.gl/fbAQLP

exports[`TotalBalance render Should render match with snapshot. 1`] = `
<div>
  <div
    class="css-2d117z"
  >
    <div
      class="css-1hbq5i"
    >
      <p
        class="chakra-text css-1203war"
      >
        Total Balance
      </p>
      <div
        class="css-1cxe3un"
      >
        <p
          class="chakra-text css-1iu6sor"
        >
          $88,232.00
        </p>
        <p
          class="chakra-text css-oop0n4"
        >
          usd
        </p>
      </div>
      <div
        class="css-hwbdeb"
      >
        <p
          class="chakra-text css-1m68u8e"
        >
          11 April 2022
        </p>
        <div
          class="css-70qvj9"
        >
          <img
            alt="This is the increase icon"
            class="chakra-image css-17pjxxg"
            src="/icons/increase.svg"
          />
          <p
            class="chakra-text css-gn7xew"
          >
            2.05
            %
          </p>
        </div>
      </div>
    </div>
    <div
      class="css-gmuwbf"
    >
      <div
        class="css-1y0sx42"
      >
        <p
          class="chakra-text css-1pqx9f5"
        >
          Withdraw All Earning
        </p>
      </div>
    </div>
    <button
      aria-label="btn-add-money"
      class="chakra-button css-ifxyxq"
      type="button"
    >
      Add Money
    </button>
  </div>
</div>
`;
