// Jest Snapshot v1, https://goo.gl/fbAQLP

exports[`NotFound Page Should render match with snapshot. 1`] = `
<div>
  <div
    class="css-xtaqxe"
  >
    <img
      alt="This is the not found image"
      class="chakra-image css-0"
      src="/images/not-found.svg"
    />
    <a
      aria-label="btn-go-back"
      aria-labelledby="go back"
      class="chakra-button css-1wvscb"
      href="/"
    >
      Go Back
    </a>
  </div>
</div>
`;
