// Jest Snapshot v1, https://goo.gl/fbAQLP

exports[`BoxChat component renders correctly 1`] = `
<div>
  <div
    class="css-1tid5r0"
  >
    <div
      class="css-1mdtjo1"
    >
      <h3
        class="chakra-heading css-gh62sw"
      >
        team chat
      </h3>
      <div
        class="css-1j52cd2"
      >
        <img
          alt="This is the user avatar"
          class="chakra-image__placeholder css-jqgv83"
          src="/icons/user.svg"
        />
        <button
          aria-label="btn-icon-plus"
          class="chakra-button css-18tuhly"
          type="button"
        >
          <img
            alt="This is the user avatar"
            class="chakra-image__placeholder css-k1r8rc"
            src="/icons/user.svg"
          />
        </button>
      </div>
    </div>
    <div
      class="css-gpjsqf"
    >
      <div
        class="css-k008qs"
      >
        <span
          class="chakra-avatar css-gyntuh"
        >
          <svg
            aria-label=" avatar"
            class="chakra-avatar__svg css-16ite8i"
            role="img"
            viewBox="0 0 128 128"
          >
            <path
              d="M103,102.1388 C93.094,111.92 79.3504,118 64.1638,118 C48.8056,118 34.9294,111.768 25,101.7892 L25,95.2 C25,86.8096 31.981,80 40.6,80 L87.4,80 C96.019,80 103,86.8096 103,95.2 L103,102.1388 Z"
              fill="currentColor"
            />
            <path
              d="M63.9961647,24 C51.2938136,24 41,34.2938136 41,46.9961647 C41,59.7061864 51.2938136,70 63.9961647,70 C76.6985159,70 87,59.7061864 87,46.9961647 C87,34.2938136 76.6985159,24 63.9961647,24"
              fill="currentColor"
            />
          </svg>
        </span>
        <div
          class="css-1kz9q0"
        >
          <div
            class="css-0"
            data-testid="image-container"
          >
            <p
              class="chakra-text css-rgei1j"
              data-testid="text-content"
            >
              Hi, What can i help you with?
            </p>
          </div>
          <div
            class="css-17xejub"
          />
          <p
            class="chakra-text css-1qzadu6"
          >
            3:51 PM
          </p>
        </div>
      </div>
      <div
        class="css-k008qs"
      >
        <span
          class="chakra-avatar css-gyntuh"
        >
          <svg
            aria-label=" avatar"
            class="chakra-avatar__svg css-16ite8i"
            role="img"
            viewBox="0 0 128 128"
          >
            <path
              d="M103,102.1388 C93.094,111.92 79.3504,118 64.1638,118 C48.8056,118 34.9294,111.768 25,101.7892 L25,95.2 C25,86.8096 31.981,80 40.6,80 L87.4,80 C96.019,80 103,86.8096 103,95.2 L103,102.1388 Z"
              fill="currentColor"
            />
            <path
              d="M63.9961647,24 C51.2938136,24 41,34.2938136 41,46.9961647 C41,59.7061864 51.2938136,70 63.9961647,70 C76.6985159,70 87,59.7061864 87,46.9961647 C87,34.2938136 76.6985159,24 63.9961647,24"
              fill="currentColor"
            />
          </svg>
        </span>
        <div
          class="css-1kz9q0"
        >
          <div
            class="css-0"
            data-testid="image-container"
          >
            <img
              alt="Message Image"
              class="chakra-image css-14gt3bc"
            />
          </div>
          <div
            class="css-17xejub"
          />
          <p
            class="chakra-text css-1qzadu6"
          >
            3:51 PM
          </p>
        </div>
      </div>
      <div
        class="css-tz0gqg"
      >
        <div
          class="css-k008qs"
        >
          <div
            class="css-53hlci"
          >
            <div
              class="css-0"
              data-testid="image-container"
            >
              <p
                class="chakra-text css-rgei1j"
                data-testid="text-content"
              >
                Hello, I want to know more about your product
              </p>
            </div>
            <div
              class="css-17xejub"
            />
            <p
              class="chakra-text css-1qzadu6"
            >
              3:51 PM
            </p>
          </div>
          <span
            class="chakra-avatar css-ntspms"
            data-testid="avatar"
          >
            <svg
              aria-label=" avatar"
              class="chakra-avatar__svg css-16ite8i"
              role="img"
              viewBox="0 0 128 128"
            >
              <path
                d="M103,102.1388 C93.094,111.92 79.3504,118 64.1638,118 C48.8056,118 34.9294,111.768 25,101.7892 L25,95.2 C25,86.8096 31.981,80 40.6,80 L87.4,80 C96.019,80 103,86.8096 103,95.2 L103,102.1388 Z"
                fill="currentColor"
              />
              <path
                d="M63.9961647,24 C51.2938136,24 41,34.2938136 41,46.9961647 C41,59.7061864 51.2938136,70 63.9961647,70 C76.6985159,70 87,59.7061864 87,46.9961647 C87,34.2938136 76.6985159,24 63.9961647,24"
                fill="currentColor"
              />
            </svg>
          </span>
        </div>
      </div>
      <div
        class="css-k008qs"
      >
        <span
          class="chakra-avatar css-gyntuh"
        >
          <svg
            aria-label=" avatar"
            class="chakra-avatar__svg css-16ite8i"
            role="img"
            viewBox="0 0 128 128"
          >
            <path
              d="M103,102.1388 C93.094,111.92 79.3504,118 64.1638,118 C48.8056,118 34.9294,111.768 25,101.7892 L25,95.2 C25,86.8096 31.981,80 40.6,80 L87.4,80 C96.019,80 103,86.8096 103,95.2 L103,102.1388 Z"
              fill="currentColor"
            />
            <path
              d="M63.9961647,24 C51.2938136,24 41,34.2938136 41,46.9961647 C41,59.7061864 51.2938136,70 63.9961647,70 C76.6985159,70 87,59.7061864 87,46.9961647 C87,34.2938136 76.6985159,24 63.9961647,24"
              fill="currentColor"
            />
          </svg>
        </span>
        <div
          class="css-1kz9q0"
        >
          <div
            class="css-0"
            data-testid="image-container"
          >
            <p
              class="chakra-text css-rgei1j"
              data-testid="text-content"
            >
              Sure, I can help you with that
            </p>
          </div>
          <div
            class="css-17xejub"
          />
          <p
            class="chakra-text css-1qzadu6"
          >
            3:51 PM
          </p>
        </div>
      </div>
      <div
        class="css-gmuwbf"
      >
        <div
          class="css-dyz3ep"
        >
          <div
            class="css-u4p24i"
          >
            <img
              alt="Attach icon"
              class="chakra-image css-4g6ai3"
              src="/icons/attach.svg"
            />
            <input
              class="chakra-input css-3qiee2"
              placeholder="Type your message here"
              type="number"
            />
            <img
              alt="Micro icon"
              class="chakra-image css-4g6ai3"
              src="/icons/micro.svg"
            />
          </div>
        </div>
        <img
          alt="Send icon"
          class="chakra-image css-qgs394"
          src="/icons/send.svg"
        />
      </div>
    </div>
  </div>
</div>
`;
