// Jest Snapshot v1, https://goo.gl/fbAQLP

exports[`FaqPage renders FaqPage component correctly 1`] = `
<DocumentFragment>
  <div
    class="css-0"
  >
    <div>
      <div
        data-testid="question"
      >
        What is the most important part of a dashboard?
      </div>
      <div
        data-testid="answer"
      >
        In reality, the most important aspect of a great dashboard is the part that gets the least amount of attention: The underlying data. More than any other aspect, the data will make or break a dashboard.Within this definition, successful administration appears to rest on three basic skills, which we will call technical, human, and conceptual.Dashboards are business intelligence.
      </div>
    </div>
    <div>
      <div
        data-testid="question"
      >
        What are the three types of dashboard?
      </div>
      <div
        data-testid="answer"
      >
        In reality, the most important aspect of a great dashboard is the part that gets the least amount of attention: The underlying data. More than any other aspect, the data will make or break a dashboard.Within this definition, successful administration appears to rest on three basic skills, which we will call technical, human, and conceptual.Dashboards are business intelligence.
      </div>
    </div>
    <div>
      <div
        data-testid="question"
      >
        What are examples of admin?
      </div>
      <div
        data-testid="answer"
      >
        In reality, the most important aspect of a great dashboard is the part that gets the least amount of attention: The underlying data. More than any other aspect, the data will make or break a dashboard.Within this definition, successful administration appears to rest on three basic skills, which we will call technical, human, and conceptual.Dashboards are business intelligence.
      </div>
    </div>
    <div>
      <div
        data-testid="question"
      >
        What are 5 benefits of dashboards?
      </div>
      <div
        data-testid="answer"
      >
        In reality, the most important aspect of a great dashboard is the part that gets the least amount of attention: The underlying data. More than any other aspect, the data will make or break a dashboard.Within this definition, successful administration appears to rest on three basic skills, which we will call technical, human, and conceptual.Dashboards are business intelligence.
      </div>
    </div>
    <div>
      <div
        data-testid="question"
      >
        What makes a good dashboard?
      </div>
      <div
        data-testid="answer"
      >
        In reality, the most important aspect of a great dashboard is the part that gets the least amount of attention: The underlying data. More than any other aspect, the data will make or break a dashboard.Within this definition, successful administration appears to rest on three basic skills, which we will call technical, human, and conceptual.Dashboards are business intelligence.
      </div>
    </div>
    <div>
      <div
        data-testid="question"
      >
        What are the 3 basic skills of administrator?
      </div>
      <div
        data-testid="answer"
      >
        In reality, the most important aspect of a great dashboard is the part that gets the least amount of attention: The underlying data. More than any other aspect, the data will make or break a dashboard.Within this definition, successful administration appears to rest on three basic skills, which we will call technical, human, and conceptual.Dashboards are business intelligence.
      </div>
    </div>
  </div>
</DocumentFragment>
`;
