// Jest Snapshot v1, https://goo.gl/fbAQLP

exports[`CustomerNameCell Match to snapshot 1`] = `
<div>
  <table
    class="chakra-table css-0"
  >
    <td
      class="css-x4m69r"
    >
      <div
        class="css-1h2sv0j"
      >
        <img
          alt="Image of Duong Pham"
          class="chakra-image css-1ay93b0"
          src="undefined"
        />
        <p
          class="chakra-text css-uqm266"
        >
          Duong Pham
        </p>
      </div>
    </td>
  </table>
</div>
`;
