// Jest Snapshot v1, https://goo.gl/fbAQLP

exports[`Table Match to snapshot 1`] = `
<div>
  <div
    class="chakra-table__container css-zipzvv"
  >
    <table
      class="chakra-table css-0"
    >
      <thead
        class="css-0"
      >
        <tr
          class="css-0"
        >
          <th
            class="css-zm2y1u"
          >
            Customer name
          </th>
          <th
            class="css-zm2y1u"
          >
            Email
          </th>
          <th
            class="css-zm2y1u"
          >
            Location
          </th>
          <th
            class="css-zm2y1u"
          >
            Spent
          </th>
          <th
            class="css-zm2y1u"
          />
        </tr>
      </thead>
      <tbody
        class="css-0"
      >
        <tr
          class="css-0"
        >
          <td
            class="css-x4m69r"
          >
            Devon Lane
          </td>
          <td
            class="css-x4m69r"
          >
            devon@mail.com
          </td>
          <td
            class="css-x4m69r"
          >
            Philadelphia, USA
          </td>
          <td
            class="css-x4m69r"
          >
            $101.00
          </td>
          <button>
            action
          </button>
        </tr>
        <tr
          class="css-0"
        >
          <td
            class="css-x4m69r"
          >
            Devon Lane
          </td>
          <td
            class="css-x4m69r"
          >
            devon@mail.com
          </td>
          <td
            class="css-x4m69r"
          >
            Philadelphia, USA
          </td>
          <td
            class="css-x4m69r"
          >
            $101.00
          </td>
          <button>
            action
          </button>
        </tr>
        <tr
          class="css-0"
        >
          <td
            class="css-x4m69r"
          >
            Devon Lane
          </td>
          <td
            class="css-x4m69r"
          >
            devon@mail.com
          </td>
          <td
            class="css-x4m69r"
          >
            Philadelphia, USA
          </td>
          <td
            class="css-x4m69r"
          >
            $101.00
          </td>
          <button>
            action
          </button>
        </tr>
        <tr
          class="css-0"
        >
          <td
            class="css-x4m69r"
          >
            Devon Lane
          </td>
          <td
            class="css-x4m69r"
          >
            devon@mail.com
          </td>
          <td
            class="css-x4m69r"
          >
            Philadelphia, USA
          </td>
          <td
            class="css-x4m69r"
          >
            $101.00
          </td>
          <button>
            action
          </button>
        </tr>
        <tr
          class="css-0"
        >
          <td
            class="css-x4m69r"
          >
            Devon Lane
          </td>
          <td
            class="css-x4m69r"
          >
            devon@mail.com
          </td>
          <td
            class="css-x4m69r"
          >
            Philadelphia, USA
          </td>
          <td
            class="css-x4m69r"
          >
            $101.00
          </td>
          <button>
            action
          </button>
        </tr>
      </tbody>
    </table>
  </div>
</div>
`;
