// Jest Snapshot v1, https://goo.gl/fbAQLP

exports[`PinCode test cases should render correctly 1`] = `
<div>
  <form
    class="chakra-stack css-tl3ftk"
  >
    <div
      class="chakra-stack css-qjcev7"
    >
      <input
        aria-label="Please enter your pin code"
        autocomplete="off"
        class="chakra-pin-input css-0"
        data-index="0"
        data-testid="pin-input"
        id="pin-input-:r0:-0"
        inputmode="numeric"
        placeholder="○"
        type="tel"
        value="m"
      />
      <input
        aria-label="Please enter your pin code"
        autocomplete="off"
        class="chakra-pin-input css-0"
        data-index="1"
        id="pin-input-:r0:-1"
        inputmode="numeric"
        placeholder="○"
        type="tel"
        value="o"
      />
      <input
        aria-label="Please enter your pin code"
        autocomplete="off"
        class="chakra-pin-input css-0"
        data-index="2"
        id="pin-input-:r0:-2"
        inputmode="numeric"
        placeholder="○"
        type="tel"
        value="c"
      />
      <input
        aria-label="Please enter your pin code"
        autocomplete="off"
        class="chakra-pin-input css-0"
        data-index="3"
        id="pin-input-:r0:-3"
        inputmode="numeric"
        placeholder="○"
        type="tel"
        value="k"
      />
    </div>
    <button
      class="chakra-button css-1jroyhy"
      type="submit"
    >
      Submit
    </button>
  </form>
</div>
`;
