// Jest Snapshot v1, https://goo.gl/fbAQLP

exports[`PinCode test cases should render correctly 1`] = `
<div>
  <form
    class="chakra-stack css-tl3ftk"
  >
    <div
      class="chakra-stack css-qjcev7"
    >
      <input
        aria-label="Please enter your pin code"
        autocomplete="off"
        class="chakra-pin-input css-1jd9q9x"
        data-index="0"
        data-testid="pin-input"
        id="pin-input-:r0:-0"
        inputmode="numeric"
        placeholder="○"
        type="tel"
        value=""
      />
      <input
        aria-label="Please enter your pin code"
        autocomplete="off"
        class="chakra-pin-input css-1jd9q9x"
        data-index="1"
        id="pin-input-:r0:-1"
        inputmode="numeric"
        placeholder="○"
        type="tel"
        value=""
      />
      <input
        aria-label="Please enter your pin code"
        autocomplete="off"
        class="chakra-pin-input css-1jd9q9x"
        data-index="2"
        id="pin-input-:r0:-2"
        inputmode="numeric"
        placeholder="○"
        type="tel"
        value=""
      />
      <input
        aria-label="Please enter your pin code"
        autocomplete="off"
        class="chakra-pin-input css-1jd9q9x"
        data-index="3"
        id="pin-input-:r0:-3"
        inputmode="numeric"
        placeholder="○"
        type="tel"
        value=""
      />
    </div>
    <div
      class="chakra-stack css-uhqw6c"
    >
      <button
        class="chakra-button css-4xx2wk"
        type="submit"
      >
        Submit
      </button>
      <button
        class="chakra-button css-4xx2wk"
        type="button"
      >
        Cancel
      </button>
    </div>
  </form>
</div>
`;
