// Jest Snapshot v1, https://goo.gl/fbAQLP

exports[`UserCard component renders correctly 1`] = `
<div>
  <div
    class="css-13dage6"
  >
    <span
      class="chakra-avatar css-1otlzun"
    >
      <svg
        aria-label=" avatar"
        class="chakra-avatar__svg css-16ite8i"
        role="img"
        viewBox="0 0 128 128"
      >
        <path
          d="M103,102.1388 C93.094,111.92 79.3504,118 64.1638,118 C48.8056,118 34.9294,111.768 25,101.7892 L25,95.2 C25,86.8096 31.981,80 40.6,80 L87.4,80 C96.019,80 103,86.8096 103,95.2 L103,102.1388 Z"
          fill="currentColor"
        />
        <path
          d="M63.9961647,24 C51.2938136,24 41,34.2938136 41,46.9961647 C41,59.7061864 51.2938136,70 63.9961647,70 C76.6985159,70 87,59.7061864 87,46.9961647 C87,34.2938136 76.6985159,24 63.9961647,24"
          fill="currentColor"
        />
      </svg>
    </span>
    <div
      class="css-1sdqwkj"
    >
      <h3
        class="chakra-heading css-1u7vw38"
      >
         
      </h3>
      <p
        class="chakra-text css-1uvw9jh"
      >
         •  • 
      </p>
      <div
        class="css-1mcd17k"
      >
        <button
          aria-label="Book Mark"
          class="chakra-button css-h640nb"
          type="button"
        >
          <svg
            fill="none"
            height="25"
            stroke="#a0aec0"
            viewBox="0 0 24 25"
            width="24"
          >
            <path
              d="M19 21.5659L12 16.5659L5 21.5659V5.56592C5 5.03548 5.21071 4.52678 5.58579 4.1517C5.96086 3.77663 6.46957 3.56592 7 3.56592H17C17.5304 3.56592 18.0391 3.77663 18.4142 4.1517C18.7893 4.52678 19 5.03548 19 5.56592V21.5659Z"
              stroke-linecap="round"
              stroke-linejoin="round"
              stroke-width="1.5"
            />
          </svg>
        </button>
        <button
          aria-label="Share Nodes"
          class="chakra-button css-h640nb"
          type="button"
        >
          <svg
            fill="none"
            height="21"
            stroke="#a0aec0"
            viewBox="0 0 20 21"
            width="20"
          >
            <path
              d="M4 13.5659C5.65685 13.5659 7 12.2228 7 10.5659C7 8.90906 5.65685 7.56592 4 7.56592C2.34315 7.56592 1 8.90906 1 10.5659C1 12.2228 2.34315 13.5659 4 13.5659Z"
              stroke-linecap="round"
              stroke-linejoin="round"
              stroke-width="1.5"
            />
            <path
              d="M16 7.56592C17.6569 7.56592 19 6.22277 19 4.56592C19 2.90906 17.6569 1.56592 16 1.56592C14.3431 1.56592 13 2.90906 13 4.56592C13 6.22277 14.3431 7.56592 16 7.56592Z"
              stroke-linecap="round"
              stroke-linejoin="round"
              stroke-width="1.5"
            />
            <path
              d="M16 19.5659C17.6569 19.5659 19 18.2228 19 16.5659C19 14.9091 17.6569 13.5659 16 13.5659C14.3431 13.5659 13 14.9091 13 16.5659C13 18.2228 14.3431 19.5659 16 19.5659Z"
              stroke-linecap="round"
              stroke-linejoin="round"
              stroke-width="1.5"
            />
            <path
              d="M6.69995 9.26572L13.3 5.86572"
              stroke-linecap="round"
              stroke-linejoin="round"
              stroke-width="1.5"
            />
            <path
              d="M6.69995 11.8657L13.3 15.2657"
              stroke-linecap="round"
              stroke-linejoin="round"
              stroke-width="1.5"
            />
          </svg>
        </button>
      </div>
    </div>
    <div
      class="css-iofhnq"
    >
      <div
        class="css-1lekzkb"
      >
        <p
          class="chakra-text css-80l8so"
        >
          Experience
        </p>
        <p
          class="chakra-text css-11c5ex2"
        >
          2-4 Years
        </p>
      </div>
      <div
        class="css-1lekzkb"
      >
        <p
          class="chakra-text css-80l8so"
        >
          Seniority Level
        </p>
        <p
          class="chakra-text css-11c5ex2"
        />
      </div>
      <div
        class="css-1lekzkb"
      >
        <p
          class="chakra-text css-80l8so"
        >
          Employment
        </p>
        <p
          class="chakra-text css-11c5ex2"
        />
      </div>
      <div
        class="css-1lekzkb"
      >
        <p
          class="chakra-text css-80l8so"
        >
          Salary
        </p>
        <p
          class="chakra-text css-11c5ex2"
        >
          $250-300
        </p>
      </div>
    </div>
    <div
      class="css-8zy5qf"
    >
      <p
        class="chakra-text css-80l8so"
      >
        Hiring Agent
      </p>
      <div
        class="css-2e52m3"
      >
        <span
          class="chakra-avatar css-6id39j"
        >
          <svg
            aria-label=" avatar"
            class="chakra-avatar__svg css-16ite8i"
            role="img"
            viewBox="0 0 128 128"
          >
            <path
              d="M103,102.1388 C93.094,111.92 79.3504,118 64.1638,118 C48.8056,118 34.9294,111.768 25,101.7892 L25,95.2 C25,86.8096 31.981,80 40.6,80 L87.4,80 C96.019,80 103,86.8096 103,95.2 L103,102.1388 Z"
              fill="currentColor"
            />
            <path
              d="M63.9961647,24 C51.2938136,24 41,34.2938136 41,46.9961647 C41,59.7061864 51.2938136,70 63.9961647,70 C76.6985159,70 87,59.7061864 87,46.9961647 C87,34.2938136 76.6985159,24 63.9961647,24"
              fill="currentColor"
            />
          </svg>
        </span>
        <div
          class="css-0"
        >
          <p
            class="chakra-text css-11c5ex2"
          >
            Annette Black
          </p>
          <p
            class="chakra-text css-ss2gmn"
          >
            HR Specialist •
             
            <span
              class="chakra-text css-1uvw9jh"
            >
              from last week
            </span>
          </p>
        </div>
      </div>
    </div>
  </div>
</div>
`;
